Started by user Giovanna
[Pipeline] Start of Pipeline
[Pipeline] node
Running on Jenkins in /var/lib/jenkins/workspace/unir/cp41
[Pipeline] {
[Pipeline] withEnv
[Pipeline] {
[Pipeline] stage
[Pipeline] { (Get Code)
[Pipeline] git
Selected Git installation does not exist. Using Default
The recommended git tool is: NONE
No credentials specified
 > git rev-parse --resolve-git-dir /var/lib/jenkins/workspace/unir/cp41/.git # timeout=10
Fetching changes from the remote Git repository
 > git config remote.origin.url https://github.com/GiovannaLeon/todo-list-aws.git # timeout=10
Fetching upstream changes from https://github.com/GiovannaLeon/todo-list-aws.git
 > git --version # timeout=10
 > git --version # 'git version 2.34.1'
 > git fetch --tags --force --progress -- https://github.com/GiovannaLeon/todo-list-aws.git +refs/heads/*:refs/remotes/origin/* # timeout=10
 > git rev-parse refs/remotes/origin/develop^{commit} # timeout=10
Checking out Revision 9af448dfbfc1538709f358437045adb071c9c120 (refs/remotes/origin/develop)
 > git config core.sparsecheckout # timeout=10
 > git checkout -f 9af448dfbfc1538709f358437045adb071c9c120 # timeout=10
 > git branch -a -v --no-abbrev # timeout=10
 > git branch -D develop # timeout=10
 > git checkout -b develop 9af448dfbfc1538709f358437045adb071c9c120 # timeout=10
Commit message: "Update samconfig.toml"
 > git rev-list --no-walk 9af448dfbfc1538709f358437045adb071c9c120 # timeout=10
[Pipeline] }
[Pipeline] // stage
[Pipeline] stage
[Pipeline] { (Static Test)
[Pipeline] sh
+ /var/lib/jenkins/.local/bin/flake8 src/
[Pipeline] sh
+ /var/lib/jenkins/.local/bin/bandit -r src/ -f html -o bandit_report.html
[main]	INFO	profile include tests: None
[main]	INFO	profile exclude tests: None
[main]	INFO	cli include tests: None
[main]	INFO	cli exclude tests: None
[main]	INFO	running on Python 3.10.12
[html]	INFO	HTML output written to file: bandit_report.html
[Pipeline] }
[Pipeline] // stage
[Pipeline] stage
[Pipeline] { (Deploy to Staging)
[Pipeline] script
[Pipeline] {
[Pipeline] catchError
[Pipeline] {
[Pipeline] sh
+ sam build
Building codeuri: /var/lib/jenkins/workspace/unir/cp41/src runtime: python3.10 metadata: {} architecture: x86_64 functions: CreateTodoFunction, ListTodosFunction, GetTodoFunction, UpdateTodoFunction, DeleteTodoFunction
 Running PythonPipBuilder:ResolveDependencies
 Running PythonPipBuilder:CopySource

Build Succeeded

Built Artifacts  : .aws-sam/build
Built Template   : .aws-sam/build/template.yaml

Commands you can use next
=========================
[*] Validate SAM template: sam validate
[*] Invoke Function: sam local invoke
[*] Test Function in the Cloud: sam sync --stack-name {{stack-name}} --watch
[*] Deploy: sam deploy --guided
[Pipeline] sh
+ sam validate --region us-east-1
/var/lib/jenkins/workspace/unir/cp41/template.yaml is a valid SAM Template. This is according to basic SAM Validation, for additional validation, please run with "--lint" option
[Pipeline] sh
+ sam deploy --config-file samconfig.toml --config-env staging --no-confirm-changeset --no-fail-on-empty-changeset --force-upload

	Uploading to todo-list-aws/cdfff85a83ffcd670b21b4c9a1dc4ad4  262144 / 579052  (45.27%)
	Uploading to todo-list-aws/cdfff85a83ffcd670b21b4c9a1dc4ad4  524288 / 579052  (90.54%)
	Uploading to todo-list-aws/cdfff85a83ffcd670b21b4c9a1dc4ad4  579052 / 579052  (100.00%)

	Uploading to todo-list-aws/cdfff85a83ffcd670b21b4c9a1dc4ad4  262144 / 579052  (45.27%)
	Uploading to todo-list-aws/cdfff85a83ffcd670b21b4c9a1dc4ad4  524288 / 579052  (90.54%)
	Uploading to todo-list-aws/cdfff85a83ffcd670b21b4c9a1dc4ad4  579052 / 579052  (100.00%)

	Uploading to todo-list-aws/cdfff85a83ffcd670b21b4c9a1dc4ad4  262144 / 579052  (45.27%)
	Uploading to todo-list-aws/cdfff85a83ffcd670b21b4c9a1dc4ad4  524288 / 579052  (90.54%)
	Uploading to todo-list-aws/cdfff85a83ffcd670b21b4c9a1dc4ad4  579052 / 579052  (100.00%)

	Uploading to todo-list-aws/cdfff85a83ffcd670b21b4c9a1dc4ad4  262144 / 579052  (45.27%)
	Uploading to todo-list-aws/cdfff85a83ffcd670b21b4c9a1dc4ad4  524288 / 579052  (90.54%)
	Uploading to todo-list-aws/cdfff85a83ffcd670b21b4c9a1dc4ad4  579052 / 579052  (100.00%)

	Uploading to todo-list-aws/cdfff85a83ffcd670b21b4c9a1dc4ad4  262144 / 579052  (45.27%)
	Uploading to todo-list-aws/cdfff85a83ffcd670b21b4c9a1dc4ad4  524288 / 579052  (90.54%)
	Uploading to todo-list-aws/cdfff85a83ffcd670b21b4c9a1dc4ad4  579052 / 579052  (100.00%)

	Deploying with following values
	===============================
	Stack name                   : todo-list-aws-staging
	Region                       : us-east-1
	Confirm changeset            : False
	Disable rollback             : False
	Deployment s3 bucket         : todo-list-aws-staging
	Capabilities                 : ["CAPABILITY_IAM"]
	Parameter overrides          : {"Stage": "staging"}
	Signing Profiles             : {}

Initiating deployment
=====================


	Uploading to todo-list-aws/f7ad9ec47ee0781afde61a1faea1ab8b.template  4445 / 4445  (100.00%)


Waiting for changeset to be created..

CloudFormation stack changeset
-------------------------------------------------------------------------------------------------
Operation                LogicalResourceId        ResourceType             Replacement            
-------------------------------------------------------------------------------------------------
* Modify                 CreateTodoFunction       AWS::Lambda::Function    False                  
* Modify                 DeleteTodoFunction       AWS::Lambda::Function    False                  
* Modify                 GetTodoFunction          AWS::Lambda::Function    False                  
* Modify                 ListTodosFunction        AWS::Lambda::Function    False                  
* Modify                 ServerlessRestApi        AWS::ApiGateway::RestA   False                  
                                                  pi                                              
* Modify                 UpdateTodoFunction       AWS::Lambda::Function    False                  
-------------------------------------------------------------------------------------------------


Changeset created successfully. arn:aws:cloudformation:us-east-1:582789485636:changeSet/samcli-deploy1740312698/6db2d414-69f1-4e02-b0c2-f6b7a6283572


2025-02-23 12:11:49 - Waiting for stack create/update to complete

CloudFormation events from stack operations (refresh every 5.0 seconds)
-------------------------------------------------------------------------------------------------
ResourceStatus           ResourceType             LogicalResourceId        ResourceStatusReason   
-------------------------------------------------------------------------------------------------
UPDATE_IN_PROGRESS       AWS::CloudFormation::S   todo-list-aws-staging    User Initiated         
                         tack                                                                     
UPDATE_IN_PROGRESS       AWS::Lambda::Function    ListTodosFunction        -                      
UPDATE_IN_PROGRESS       AWS::Lambda::Function    DeleteTodoFunction       -                      
UPDATE_IN_PROGRESS       AWS::Lambda::Function    UpdateTodoFunction       -                      
UPDATE_IN_PROGRESS       AWS::Lambda::Function    CreateTodoFunction       -                      
UPDATE_IN_PROGRESS       AWS::Lambda::Function    GetTodoFunction          -                      
UPDATE_COMPLETE          AWS::Lambda::Function    ListTodosFunction        -                      
UPDATE_COMPLETE          AWS::Lambda::Function    GetTodoFunction          -                      
UPDATE_COMPLETE          AWS::Lambda::Function    UpdateTodoFunction       -                      
UPDATE_COMPLETE          AWS::Lambda::Function    DeleteTodoFunction       -                      
UPDATE_COMPLETE          AWS::Lambda::Function    CreateTodoFunction       -                      
UPDATE_COMPLETE_CLEANU   AWS::CloudFormation::S   todo-list-aws-staging    -                      
P_IN_PROGRESS            tack                                                                     
UPDATE_COMPLETE          AWS::CloudFormation::S   todo-list-aws-staging    -                      
                         tack                                                                     
-------------------------------------------------------------------------------------------------

CloudFormation outputs from deployed stack
-------------------------------------------------------------------------------------------------
Outputs                                                                                         
-------------------------------------------------------------------------------------------------
Key                 BaseUrlApi                                                                  
Description         Base URL of API                                                             
Value               https://wyqnoxpnu2.execute-api.us-east-1.amazonaws.com/Prod                 

Key                 DeleteTodoApi                                                               
Description         API Gateway endpoint URL for ${opt:stage} stage for Delete TODO             
Value               https://wyqnoxpnu2.execute-api.us-east-1.amazonaws.com/Prod/todos/{id}      

Key                 ListTodosApi                                                                
Description         API Gateway endpoint URL for ${opt:stage} stage for List TODO               
Value               https://wyqnoxpnu2.execute-api.us-east-1.amazonaws.com/Prod/todos           

Key                 UpdateTodoApi                                                               
Description         API Gateway endpoint URL for ${opt:stage} stage for Update TODO             
Value               https://wyqnoxpnu2.execute-api.us-east-1.amazonaws.com/Prod/todos/{id}      

Key                 GetTodoApi                                                                  
Description         API Gateway endpoint URL for ${opt:stage} stage for Get TODO                
Value               https://wyqnoxpnu2.execute-api.us-east-1.amazonaws.com/Prod/todos/{id}      

Key                 CreateTodoApi                                                               
Description         API Gateway endpoint URL for ${opt:stage} stage for Create TODO             
Value               https://wyqnoxpnu2.execute-api.us-east-1.amazonaws.com/Prod/todos/          
-------------------------------------------------------------------------------------------------


Successfully created/updated stack - todo-list-aws-staging in us-east-1

[Pipeline] script
[Pipeline] {
[Pipeline] sh
+ aws cloudformation describe-stacks --stack-name todo-list-aws-staging --region us-east-1 --query Stacks[0].Outputs[?OutputKey=='BaseUrlApi'].OutputValue --output text
[Pipeline] echo
API BASE_URL: null
[Pipeline] }
[Pipeline] // script
[Pipeline] }
[Pipeline] // catchError
[Pipeline] }
[Pipeline] // script
[Pipeline] }
[Pipeline] // stage
[Pipeline] stage
[Pipeline] { (Rest Test)
[Pipeline] script
[Pipeline] {
[Pipeline] catchError
[Pipeline] {
[Pipeline] echo
ejecuta pytest
[Pipeline] }
[Pipeline] // catchError
[Pipeline] }
[Pipeline] // script
[Pipeline] }
[Pipeline] // stage
[Pipeline] stage
[Pipeline] { (Promote to Production)
[Pipeline] script
[Pipeline] {
[Pipeline] sh
+ git status
On branch develop
Last command done (1 command done):
   pick 610bb19 Update samconfig.toml
Next command to do (1 remaining command):
   pick 4fbfe5c Sobrescrito samconfig.toml con la versión del remoto
  (use "git rebase --edit-todo" to view and edit)
You are currently editing a commit while rebasing branch 'master' on 'ff95a53'.
  (use "git commit --amend" to amend the current commit)
  (use "git rebase --continue" once you are satisfied with your changes)

Untracked files:
  (use "git add <file>..." to include in what will be committed)
	bandit_report.html
	flake8_report.txt

nothing added to commit but untracked files present (use "git add" to track)
[Pipeline] sh
+ git checkout master
Switched to branch 'master'
Your branch is up to date with 'origin/master'.
[Pipeline] sh
+ git pull origin master
From https://github.com/GiovannaLeon/todo-list-aws
 * branch            master     -> FETCH_HEAD
Already up to date.
[Pipeline] withCredentials
Masking supported pattern matches of $GIT_PASS
[Pipeline] {
[Pipeline] sh
+ git remote set-url origin https://GiovannaLeon:****@github.com/GiovannaLeon/todo-list-aws.git
+ git push origin master
Everything up-to-date
[Pipeline] }
[Pipeline] // withCredentials
[Pipeline] }
[Pipeline] // script
[Pipeline] }
[Pipeline] // stage
[Pipeline] }
[Pipeline] // withEnv
[Pipeline] }
[Pipeline] // node
[Pipeline] End of Pipeline
Finished: SUCCESS