Started by user Giovanna
[Pipeline] Start of Pipeline
[Pipeline] node
Running on Jenkins in /var/lib/jenkins/workspace/unir/cp41
[Pipeline] {
[Pipeline] withEnv
[Pipeline] {
[Pipeline] stage
[Pipeline] { (Get Code)
[Pipeline] git
Selected Git installation does not exist. Using Default
The recommended git tool is: NONE
No credentials specified
 > git rev-parse --resolve-git-dir /var/lib/jenkins/workspace/unir/cp41/.git # timeout=10
Fetching changes from the remote Git repository
 > git config remote.origin.url https://github.com/GiovannaLeon/todo-list-aws.git # timeout=10
Fetching upstream changes from https://github.com/GiovannaLeon/todo-list-aws.git
 > git --version # timeout=10
 > git --version # 'git version 2.34.1'
 > git fetch --tags --force --progress -- https://github.com/GiovannaLeon/todo-list-aws.git +refs/heads/*:refs/remotes/origin/* # timeout=10
 > git rev-parse refs/remotes/origin/develop^{commit} # timeout=10
Checking out Revision f2d88db370534063c043517967daaa19e3b8043d (refs/remotes/origin/develop)
 > git config core.sparsecheckout # timeout=10
 > git checkout -f f2d88db370534063c043517967daaa19e3b8043d # timeout=10
 > git branch -a -v --no-abbrev # timeout=10
 > git branch -D develop # timeout=10
 > git checkout -b develop f2d88db370534063c043517967daaa19e3b8043d # timeout=10
Commit message: "Add files via upload"
 > git rev-list --no-walk f2d88db370534063c043517967daaa19e3b8043d # timeout=10
[Pipeline] }
[Pipeline] // stage
[Pipeline] stage
[Pipeline] { (Static Test)
[Pipeline] sh
+ /var/lib/jenkins/.local/bin/flake8 src/
[Pipeline] sh
+ /var/lib/jenkins/.local/bin/bandit -r src/ -f html -o bandit_report.html
[main]	INFO	profile include tests: None
[main]	INFO	profile exclude tests: None
[main]	INFO	cli include tests: None
[main]	INFO	cli exclude tests: None
[main]	INFO	running on Python 3.10.12
[html]	INFO	HTML output written to file: bandit_report.html
[Pipeline] }
[Pipeline] // stage
[Pipeline] stage
[Pipeline] { (Deploy to Staging)
[Pipeline] script
[Pipeline] {
[Pipeline] catchError
[Pipeline] {
[Pipeline] sh
+ sam build
Building codeuri: /var/lib/jenkins/workspace/unir/cp41/src runtime: python3.10 metadata: {} architecture: x86_64 functions: CreateTodoFunction, ListTodosFunction, GetTodoFunction, UpdateTodoFunction, DeleteTodoFunction
 Running PythonPipBuilder:ResolveDependencies
 Running PythonPipBuilder:CopySource

Build Succeeded

Built Artifacts  : .aws-sam/build
Built Template   : .aws-sam/build/template.yaml

Commands you can use next
=========================
[*] Validate SAM template: sam validate
[*] Invoke Function: sam local invoke
[*] Test Function in the Cloud: sam sync --stack-name {{stack-name}} --watch
[*] Deploy: sam deploy --guided
[Pipeline] sh
+ sam validate --region us-east-1
/var/lib/jenkins/workspace/unir/cp41/template.yaml is a valid SAM Template. This is according to basic SAM Validation, for additional validation, please run with "--lint" option
[Pipeline] sh
+ sam deploy --config-file samconfig.toml --config-env staging sam deploy --no-confirm-changeset --no-fail-on-empty-changeset
File with same data already exists at todo-list-aws/cdfff85a83ffcd670b21b4c9a1dc4ad4, skipping upload
File with same data already exists at todo-list-aws/cdfff85a83ffcd670b21b4c9a1dc4ad4, skipping upload
File with same data already exists at todo-list-aws/cdfff85a83ffcd670b21b4c9a1dc4ad4, skipping upload
File with same data already exists at todo-list-aws/cdfff85a83ffcd670b21b4c9a1dc4ad4, skipping upload
File with same data already exists at todo-list-aws/cdfff85a83ffcd670b21b4c9a1dc4ad4, skipping upload

	Deploying with following values
	===============================
	Stack name                   : todo-list-aws-staging
	Region                       : us-east-1
	Confirm changeset            : False
	Disable rollback             : False
	Deployment s3 bucket         : todo-list-aws-staging
	Capabilities                 : ["CAPABILITY_IAM"]
	Parameter overrides          : {"Stage": "staging"}
	Signing Profiles             : {}

Initiating deployment
=====================

File with same data already exists at todo-list-aws/f7ad9ec47ee0781afde61a1faea1ab8b.template, skipping upload


Waiting for changeset to be created..

No changes to deploy. Stack todo-list-aws-staging is up to date
[Pipeline] }
[Pipeline] // catchError
[Pipeline] }
[Pipeline] // script
[Pipeline] }
[Pipeline] // stage
[Pipeline] stage
[Pipeline] { (Rest Test)
[Pipeline] script
[Pipeline] {
[Pipeline] catchError
[Pipeline] {
[Pipeline] echo
ejecuta pytest
[Pipeline] }
[Pipeline] // catchError
[Pipeline] }
[Pipeline] // script
[Pipeline] }
[Pipeline] // stage
[Pipeline] stage
[Pipeline] { (Promote to Production)
[Pipeline] script
[Pipeline] {
[Pipeline] sh
+ git status
On branch develop
Last command done (1 command done):
   pick 610bb19 Update samconfig.toml
Next command to do (1 remaining command):
   pick 4fbfe5c Sobrescrito samconfig.toml con la versión del remoto
  (use "git rebase --edit-todo" to view and edit)
You are currently editing a commit while rebasing branch 'master' on 'ff95a53'.
  (use "git commit --amend" to amend the current commit)
  (use "git rebase --continue" once you are satisfied with your changes)

Untracked files:
  (use "git add <file>..." to include in what will be committed)
	bandit_report.html
	flake8_report.txt

nothing added to commit but untracked files present (use "git add" to track)
[Pipeline] sh
+ git checkout master
Switched to branch 'master'
Your branch and 'origin/master' have diverged,
and have 2 and 8 different commits each, respectively.
  (use "git pull" to merge the remote branch into yours)
[Pipeline] sh
+ git pull origin master
From https://github.com/GiovannaLeon/todo-list-aws
 * branch            master     -> FETCH_HEAD
Auto-merging samconfig.toml
Merge made by the 'ort' strategy.
 agent.jar                | Bin 0 -> 1395562 bytes
 jenkinsfile5_develop.txt |  26 +++++++++
 jenkinsfile5_mater.txt   |  23 ++++++++
 jenkinsfile_1.txt        | 132 ++++++++++++++++++++++++++++++++++++++++++
 jenkinsfile_2.txt        | 120 ++++++++++++++++++++++++++++++++++++++
 jenkinsfile_4.txt        |  69 ++++++++++++++++++++++
 jenkinsfile_agentes.txt  | 147 +++++++++++++++++++++++++++++++++++++++++++++++
 samconfig.toml           |   2 +-
 src/todoList.py          |   2 +-
 9 files changed, 519 insertions(+), 2 deletions(-)
 create mode 100644 agent.jar
 create mode 100644 jenkinsfile5_develop.txt
 create mode 100644 jenkinsfile5_mater.txt
 create mode 100644 jenkinsfile_1.txt
 create mode 100644 jenkinsfile_2.txt
 create mode 100644 jenkinsfile_4.txt
 create mode 100644 jenkinsfile_agentes.txt
[Pipeline] withCredentials
Masking supported pattern matches of $GIT_PASS
[Pipeline] {
[Pipeline] sh
+ git remote set-url origin https://GiovannaLeon:****@github.com/GiovannaLeon/todo-list-aws.git
+ git push origin master
To https://github.com/GiovannaLeon/todo-list-aws.git
   08cfa89..3b7d7bd  master -> master
[Pipeline] }
[Pipeline] // withCredentials
[Pipeline] }
[Pipeline] // script
[Pipeline] }
[Pipeline] // stage
[Pipeline] }
[Pipeline] // withEnv
[Pipeline] }
[Pipeline] // node
[Pipeline] End of Pipeline
Finished: SUCCESS
